package ttt.tests;

import com.xyz.myapp.Foo;

public class Test15 extends com.pojosontheweb.ttt.Template implements java.io.Serializable {

	private final Foo foo;
	private final int bar;

	/**
	 * Creates an instance of this template.
	 *
	 */
	public Test15(Foo foo, int bar) {
		this.foo = foo;
		this.bar = bar;
	}

	@Override
	public String getContentType() {
		return "text/html";
	}

	@Override
	public void doRender(com.pojosontheweb.ttt.TttWriter out) throws Exception {
		write(out, "<div class=\"foo\">\n    <span>" );
		write(out,  foo.getBar()  );
		write(out, "</span>\n    <ul>\n    " );
		for(int i = 0; i < bar; i++) { 
		write(out, "\n        <li>i equals " );
		write(out,  i  );
		write(out, " </li>\n    " );
		} 
		write(out, "\n    </ul>\n</div>" );
	}
}
