package ttt.tests;

import com.xyz.myapp.Foo;

public class Test14 extends com.pojosontheweb.ttt.Template implements java.io.Serializable {

	private final Foo foo;
	private final int bar;

	/**
	 * Creates an instance of this template.
	 *
	 */
	public Test14(Foo foo, int bar) {
		this.foo = foo;
		this.bar = bar;
	}

	@Override
	public void render(java.io.Writer out) throws java.io.IOException {
		write(out, "<div class=\"foo\">\n    <span>" );
		write(out,  foo.getBar()  );
		write(out, "</span>\n    <ul>\n    " );
		        // comment in script block
        for(int i = 0; i < bar; i++) { /* multi comment in script block */
    
		write(out, "\n        <li>i equals " );
		write(out,  i // in scriptlet  );
		write(out, " </li>\n    " );
		        }
        /* multi
        on several
        rows
         */
    
		write(out, "\n    </ul>\n</div>" );
	}
}
